[enside-templatesyard.blogspot.com/index.html]
[backblue.gif]
[fade.gif]
[index.html]
[enside-templatesyard.blogspot.com/favicon.ico]
[enside-templatesyard.blogspot.com/feeds/posts/default]
[maxcdn.bootstrapcdn.com/font-awesome/4.5.0/css/font-awesome.min.css]
[enside-templatesyard.blogspot.com/feeds/posts/default9522]
[4.bp.blogspot.com/-O3EpVMWcoKw/WxY6-6I4--I/AAAAAAAAB2s/KzC0FqUQtkMdw7VzT6oOR_8vbZO6EJc-ACK4BGAYYCw/w680/nth.png]
[enside-templatesyard.blogspot.com/p/about.html]
[4.bp.blogspot.com/-uTI9UTUqgiM/WxqA2AnjaLI/AAAAAAAAFHo/_Qayvjnm8r4_obsROJURCgHt4JaHR9CbwCK4BGAYYCw/s1600/Enside.png]
[enside-templatesyard.blogspot.com/p/lorem-ipsum-is-simply-dummy-text-of.html]
[4.bp.blogspot.com/-gQhX2O4R0Wo/WxqEuN1xA-I/AAAAAAAAFIU/-t10QfN1sMUC1b3zLWvkChDRXvvWTeYagCLcBGAs/s1600/demo-image.jpg]
[1.bp.blogspot.com/-2rcNoyzvdSM/WxqCn8YdXFI/AAAAAAAAFIA/DYYUvcgtipAeTz25iqeYrEsAHrBMHI_WQCK4BGAYYCw/s1600/Enside Mobile.png]
[enside-templatesyard.blogspot.com/p/post-format-and-page-markup.html]
[enside-templatesyard.blogspot.com/templatesyard.b.delayed]
[enside-templatesyard.blogspot.com/random/mega-menu.c.delayed]
[enside-templatesyard.blogspot.com/2019/08/fasting-for-blood-work-can-i-drink-water.html]
[3.bp.blogspot.com/-bMsroVx7_uw/Vupg5rq-1WI/AAAAAAAADYQ/1-6c33dATVYltlxAX-YMs83KkSYkMSBOg/w680/pathway-1149113_960_720.jpg]
[enside-templatesyard.blogspot.com/2019/08/how-to-make-french-fries-from-potatoes.html]
[4.bp.blogspot.com/-dtSH0tcgqqM/Vupi6ek8JTI/AAAAAAAADY0/juCg2KTOg-UnkU6066GA50dYTHUN4Ifww/w680/notepad-926046_960_720.jpg]
[enside-templatesyard.blogspot.com/2019/08/aadhar-card-photo.html]
[1.bp.blogspot.com/-v0QptPDrcVs/VupeaXsiCOI/AAAAAAAADXw/mXxQ3zVItm0UWkJqINGNkzqwVFL4pA6DQ/w680/books-1185628_960_720.jpg]
[enside-templatesyard.blogspot.com/2019/08/aadhar-card-details.html]
[4.bp.blogspot.com/-GkUyTOGonKQ/Vupe8svLNsI/AAAAAAAADX0/tqWMHfiRudY_V82YeEE7yq86apVldYnZA/w680/photographer-1150052_960_720.jpg]
[enside-templatesyard.blogspot.com/2019/08/blogger-collaboration.html]
[1.bp.blogspot.com/-tE181d_K7gs/Vupfu_6tHnI/AAAAAAAADYE/OXF5cqzoXao890DJVCBdSeEMyCtdcKIjA/w680/girl-984155_960_720.jpg]
[enside-templatesyard.blogspot.com/2019/08/blogger-and-vlogger.html]
[4.bp.blogspot.com/-R3jFy7SYZL4/Vupgft_tacI/AAAAAAAADYM/fwh1GYHl8YYIRAREFKG1d-cxgA-05ySNA/w680/hipster-865295_960_720.jpg]
[enside-templatesyard.blogspot.com/2019/08/fasting-for-blood-work-medication.html]
[2.bp.blogspot.com/-9Pjnlj15VNE/Vuphu52FpVI/AAAAAAAADYg/twYTib_UQUMBouIGv4ljl2c0ZVxV-nClQ/w680/backpack-1149544_960_720.jpg]
[1.bp.blogspot.com/-wnV4ZvWjJaQ/VupiUH0Il2I/AAAAAAAADYs/rwc4kAnERYgXU8EXqsQGrH5-_o8a3_28w/w680/business-839788_960_720.jpg]
[enside-templatesyard.blogspot.com/2019/08/how-to-make-french-fries-like-mcdonalds.html]
[enside-templatesyard.blogspot.com/searche937.html]
[3.bp.blogspot.com/-bMsroVx7_uw/Vupg5rq-1WI/AAAAAAAADYQ/1-6c33dATVYltlxAX-YMs83KkSYkMSBOg/w100/pathway-1149113_960_720.jpg]
[4.bp.blogspot.com/-dtSH0tcgqqM/Vupi6ek8JTI/AAAAAAAADY0/juCg2KTOg-UnkU6066GA50dYTHUN4Ifww/w100/notepad-926046_960_720.jpg]
[1.bp.blogspot.com/-v0QptPDrcVs/VupeaXsiCOI/AAAAAAAADXw/mXxQ3zVItm0UWkJqINGNkzqwVFL4pA6DQ/w100/books-1185628_960_720.jpg]
[enside-templatesyard.blogspot.com/search/label/blogger.html]
[enside-templatesyard.blogspot.com/search/label/Car.html]
[enside-templatesyard.blogspot.com/search/label/French Fries.html]
[enside-templatesyard.blogspot.com/search/label/Potatoes.html]
[enside-templatesyard.blogspot.com/search/label/vlogger.html]
[enside-templatesyard.blogspot.com/search/label/Fasting.html]
[1.bp.blogspot.com/-HpD8taVI7IA/WxqD2WavbAI/AAAAAAAAFIM/N6yEo9qR09YtSyD8YjpFH1XpTxe-OUFzwCK4BGAYYCw/s1600/Enside Mobile.png]
[enside-templatesyard.blogspot.com/search/label/featured.html]
[enside-templatesyard.blogspot.com/responsive/sprite_v1_6.css.svg]
[apis.google.com/js/plusone.js]
[pagead2.googlesyndication.com/pagead/js/f.txt]
[ajax.googleapis.com/ajax/libs/jquery/1.12.4/jquery.min.js]
[img1.blogblog.com/img/blank.gif]
[4.bp.blogspot.com/-uCjYgVFIh70/VuOLn-mL7PI/AAAAAAAADUs/Kcu9wJbv790hIo83rI_s7lLW3zkLY01EA/s55-r/avatar.png]
[connect.facebook.net/en_US/sdk.js]
[www.blogger.com/static/v1/widgets/1235714080-widgets.js]
[enside-templatesyard.blogspot.com/index.html]
[maxcdn.bootstrapcdn.com/font-awesome/4.5.0/css/font-awesome.min.css]
[enside-templatesyard.blogspot.com/s45-c/index.html]
[enside-templatesyard.blogspot.com/s35-c/index.html]
[enside-templatesyard.blogspot.com/p/random/mega-menu.32.delayed]
[enside-templatesyard.blogspot.com/p/about.html]
[enside-templatesyard.blogspot.com/p/lorem-ipsum-is-simply-dummy-text-of.html]
[enside-templatesyard.blogspot.com/p/post-format-and-page-markup.html]
[enside-templatesyard.blogspot.com/templatesyard.html]
[enside-templatesyard.blogspot.com/random/mega-menu.html]
[enside-templatesyard.blogspot.com/feeds/8062722422017351107/comments/default]
[3.bp.blogspot.com/-bMsroVx7_uw/Vupg5rq-1WI/AAAAAAAADYQ/1-6c33dATVYltlxAX-YMs83KkSYkMSBOg/s640/pathway-1149113_960_720.jpg]
[enside-templatesyard.blogspot.com/2019/08/random/mega-menu.36.delayed]
[3.bp.blogspot.com/-bMsroVx7_uw/Vupg5rq-1WI/AAAAAAAADYQ/1-6c33dATVYltlxAX-YMs83KkSYkMSBOg/s1600/pathway-1149113_960_720.jpg]
[1.bp.blogspot.com/-UkrjtIQorL8/XVN8Osj5T4I/AAAAAAAAAB8/LBBMxb3b36cB2EAcAlTSrgqytmG3bt82QCK4BGAYYCw/w100/SBT.jpg]
[enside-templatesyard.blogspot.com/2019/08/fasting-for-blood-work-can-i-drink-water.html]
[enside-templatesyard.blogspot.com/feeds/3528290848638828142/comments/default]
[4.bp.blogspot.com/-dtSH0tcgqqM/Vupi6ek8JTI/AAAAAAAADY0/juCg2KTOg-UnkU6066GA50dYTHUN4Ifww/s1600/notepad-926046_960_720.jpg]
[enside-templatesyard.blogspot.com/2019/08/how-to-make-french-fries-from-potatoes.html]
[enside-templatesyard.blogspot.com/feeds/480884104493696416/comments/default]
[1.bp.blogspot.com/-v0QptPDrcVs/VupeaXsiCOI/AAAAAAAADXw/mXxQ3zVItm0UWkJqINGNkzqwVFL4pA6DQ/s1600/books-1185628_960_720.jpg]
[enside-templatesyard.blogspot.com/2019/08/aadhar-card-photo.html]
[enside-templatesyard.blogspot.com/search/label/Aadhar Card.html]
[enside-templatesyard.blogspot.com/feeds/2178083742336030122/comments/default]
[4.bp.blogspot.com/-GkUyTOGonKQ/Vupe8svLNsI/AAAAAAAADX0/tqWMHfiRudY_V82YeEE7yq86apVldYnZA/s400/photographer-1150052_960_720.jpg]
[4.bp.blogspot.com/-GkUyTOGonKQ/Vupe8svLNsI/AAAAAAAADX0/tqWMHfiRudY_V82YeEE7yq86apVldYnZA/s1600/photographer-1150052_960_720.jpg]
[enside-templatesyard.blogspot.com/2019/08/aadhar-card-details.html]
[enside-templatesyard.blogspot.com/feeds/1545029670291792157/comments/default]
[1.bp.blogspot.com/-tE181d_K7gs/Vupfu_6tHnI/AAAAAAAADYE/OXF5cqzoXao890DJVCBdSeEMyCtdcKIjA/s400/girl-984155_960_720.jpg]
[1.bp.blogspot.com/-tE181d_K7gs/Vupfu_6tHnI/AAAAAAAADYE/OXF5cqzoXao890DJVCBdSeEMyCtdcKIjA/s1600/girl-984155_960_720.jpg]
[enside-templatesyard.blogspot.com/2019/08/blogger-collaboration.html]
[enside-templatesyard.blogspot.com/feeds/8382390668910342802/comments/default]
[4.bp.blogspot.com/-R3jFy7SYZL4/Vupgft_tacI/AAAAAAAADYM/fwh1GYHl8YYIRAREFKG1d-cxgA-05ySNA/s400/hipster-865295_960_720.jpg]
[4.bp.blogspot.com/-R3jFy7SYZL4/Vupgft_tacI/AAAAAAAADYM/fwh1GYHl8YYIRAREFKG1d-cxgA-05ySNA/s1600/hipster-865295_960_720.jpg]
[enside-templatesyard.blogspot.com/2019/08/blogger-and-vlogger.html]
[enside-templatesyard.blogspot.com/feeds/3730519677356095401/comments/default]
[2.bp.blogspot.com/-9Pjnlj15VNE/Vuphu52FpVI/AAAAAAAADYg/twYTib_UQUMBouIGv4ljl2c0ZVxV-nClQ/s1600/backpack-1149544_960_720.jpg]
[enside-templatesyard.blogspot.com/2019/08/fasting-for-blood-work-medication.html]
[enside-templatesyard.blogspot.com/feeds/9017987122310345795/comments/default]
[1.bp.blogspot.com/-wnV4ZvWjJaQ/VupiUH0Il2I/AAAAAAAADYs/rwc4kAnERYgXU8EXqsQGrH5-_o8a3_28w/s1600/business-839788_960_720.jpg]
[enside-templatesyard.blogspot.com/2019/08/how-to-make-french-fries-like-mcdonalds.html]
[enside-templatesyard.blogspot.com/2019/08/buying-car-with-bad-credit-tips.html]
[1.bp.blogspot.com/-dQBN2UxiXqU/Vupjn7UQgdI/AAAAAAAADY8/y49Bi2v9urM2FcwQqqIA7OmWntqajKusg/w680/woman-1150067_960_720.jpg]
[enside-templatesyard.blogspot.com/2019/08/buying-car-with-bad-credit-history.html]
[1.bp.blogspot.com/-5t-HMjTfKDA/Vupk-v6I6NI/AAAAAAAADZM/TXf-qZ5caqEoL8jQCEg6wiCSeaPHq8nxg/w680/aircraft-1183171_960_720.jpg]
[enside-templatesyard.blogspot.com/searche937.html]
[enside-templatesyard.blogspot.com/search/label/random/mega-menu.4f.delayed]
[enside-templatesyard.blogspot.com/search/label/blogger.html]
[enside-templatesyard.blogspot.com/search/label/Car.html]
[enside-templatesyard.blogspot.com/search/label/blogger2b68.html]
[enside-templatesyard.blogspot.com/search/label/French Fries.html]
[enside-templatesyard.blogspot.com/search/label/French Fries05ff.html]
[enside-templatesyard.blogspot.com/search/label/Potatoes.html]
[enside-templatesyard.blogspot.com/search/label/Potatoesf991.html]
[enside-templatesyard.blogspot.com/search/label/vlogger.html]
[enside-templatesyard.blogspot.com/search/label/vlogger4a50.html]
[enside-templatesyard.blogspot.com/search/label/Fasting.html]
[enside-templatesyard.blogspot.com/search/label/Fastinga0e7.html]
[enside-templatesyard.blogspot.com/search/label/featured.html]
[enside-templatesyard.blogspot.com/responsive/sprite_v1_6.css.svg]
[enside-templatesyard.blogspot.com/s35-c/index.html]
[enside-templatesyard.blogspot.com/s45-c/index.html]
[connect.facebook.net/en_US/sdk.js]
[www.blogger.com/dyn-css/authorization72f8.css]
[enside-templatesyard.blogspot.com/p/random/mega-menu.html]
[draft.blogger.com/dyn-css/authorization72f8.css]
[enside-templatesyard.blogspot.com/2019/08/random/mega-menu.html]
[enside-templatesyard.blogspot.com/search/label/featured2b68.html]
[enside-templatesyard.blogspot.com/search/label/Aadhar Card.html]
[enside-templatesyard.blogspot.com/search/label/Aadhar Cardbc57.html]
[enside-templatesyard.blogspot.com/feeds/6220227186085249367/comments/default]
[1.bp.blogspot.com/-dQBN2UxiXqU/Vupjn7UQgdI/AAAAAAAADY8/y49Bi2v9urM2FcwQqqIA7OmWntqajKusg/s400/woman-1150067_960_720.jpg]
[1.bp.blogspot.com/-dQBN2UxiXqU/Vupjn7UQgdI/AAAAAAAADY8/y49Bi2v9urM2FcwQqqIA7OmWntqajKusg/s1600/woman-1150067_960_720.jpg]
[enside-templatesyard.blogspot.com/2019/08/buying-car-with-bad-credit-tips.html]
[enside-templatesyard.blogspot.com/search/label/Bad Credit.html]
[enside-templatesyard.blogspot.com/feeds/3251263565860173723/comments/default]
[1.bp.blogspot.com/-5t-HMjTfKDA/Vupk-v6I6NI/AAAAAAAADZM/TXf-qZ5caqEoL8jQCEg6wiCSeaPHq8nxg/s400/aircraft-1183171_960_720.jpg]
[1.bp.blogspot.com/-5t-HMjTfKDA/Vupk-v6I6NI/AAAAAAAADZM/TXf-qZ5caqEoL8jQCEg6wiCSeaPHq8nxg/s1600/aircraft-1183171_960_720.jpg]
[enside-templatesyard.blogspot.com/2019/08/buying-car-with-bad-credit-history.html]
[enside-templatesyard.blogspot.com/search/label/random/mega-menu.html]
[enside-templatesyard.blogspot.com/search/label/blogger2b68.html]
[enside-templatesyard.blogspot.com/search/label/French Fries05ff.html]
[enside-templatesyard.blogspot.com/search/label/Potatoesf991.html]
[enside-templatesyard.blogspot.com/search/label/vlogger4a50.html]
[enside-templatesyard.blogspot.com/search/label/Fastinga0e7.html]
[enside-templatesyard.blogspot.com/search/label/featured2b68.html]
[enside-templatesyard.blogspot.com/search/label/Aadhar Cardbc57.html]
[enside-templatesyard.blogspot.com/search/label/Bad Credit.html]
